******************************************************************************
                  MSP430 Linker PC v4.3.3                      
******************************************************************************
>> Linked Sun Nov 16 17:27:36 2014

OUTPUT FILE NAME:   <MSP430TestCodeExamples.out>
ENTRY POINT SYMBOL: "_c_int00"  address: 0000e2c2


MEMORY CONFIGURATION

         name            origin    length      used     unused   attr    fill
----------------------  --------  ---------  --------  --------  ----  --------
  SFR                   00000000   00000010  00000000  00000010  RWIX
  PERIPHERALS_8BIT      00000010   000000f0  00000000  000000f0  RWIX
  PERIPHERALS_16BIT     00000100   00000100  00000000  00000100  RWIX
  RAM                   00000200   00000100  0000009c  00000064  RWIX
  INFOD                 00001000   00000040  00000000  00000040  RWIX
  INFOC                 00001040   00000040  00000000  00000040  RWIX
  INFOB                 00001080   00000040  00000000  00000040  RWIX
  INFOA                 000010c0   00000040  00000000  00000040  RWIX
  FLASH                 0000e000   00001fe0  000003f4  00001bec  RWIX
  INT00                 0000ffe0   00000002  00000000  00000002  RWIX
  INT01                 0000ffe2   00000002  00000000  00000002  RWIX
  INT02                 0000ffe4   00000002  00000002  00000000  RWIX
  INT03                 0000ffe6   00000002  00000002  00000000  RWIX
  INT04                 0000ffe8   00000002  00000002  00000000  RWIX
  INT05                 0000ffea   00000002  00000002  00000000  RWIX
  INT06                 0000ffec   00000002  00000000  00000002  RWIX
  INT07                 0000ffee   00000002  00000000  00000002  RWIX
  INT08                 0000fff0   00000002  00000002  00000000  RWIX
  INT09                 0000fff2   00000002  00000002  00000000  RWIX
  INT10                 0000fff4   00000002  00000002  00000000  RWIX
  INT11                 0000fff6   00000002  00000002  00000000  RWIX
  INT12                 0000fff8   00000002  00000000  00000002  RWIX
  INT13                 0000fffa   00000002  00000000  00000002  RWIX
  INT14                 0000fffc   00000002  00000002  00000000  RWIX
  RESET                 0000fffe   00000002  00000002  00000000  RWIX


SECTION ALLOCATION MAP

 output                                  attributes/
section   page    origin      length       input sections
--------  ----  ----------  ----------   ----------------
.pinit     0    0000e000    00000000     UNINITIALIZED

.bss       0    00000200    0000004c     UNINITIALIZED
                  00000200    0000002f     SPI_Stack.obj (.bss)
                  0000022f    00000001     SPI_LowLevel.obj (.bss)
                  00000230    00000014     PaLFI Demo.obj (.bss)
                  00000244    00000004     rts430.lib : _lock.obj (.bss)
                  00000248    00000004                : boot.obj (.bss)

.data      0    00000200    00000000     UNINITIALIZED

.stack     0    000002b0    00000050     UNINITIALIZED
                  000002b0    00000002     rts430.lib : boot.obj (.stack)
                  000002b2    0000004e     --HOLE--

.text      0    0000e000    000003ec     
                  0000e000    00000120     PaLFI Demo.obj (.text:main)
                  0000e120    00000050     SPI_LowLevel.obj (.text:MSP430_SPI_Tx)
                  0000e170    0000004c     SPI_Stack.obj (.text:SPI_Read_CU_Data)
                  0000e1bc    0000004c     SPI_Stack.obj (.text:SPI_Write_CU_Data)
                  0000e208    00000048     rts430.lib : autoinit.obj (.text:_auto_init)
                  0000e250    00000046     SPI_LowLevel.obj (.text:MSP430_SPI_Rx)
                  0000e296    0000002c     SPI_LowLevel.obj (.text:MSP430_SPI_Init)
                  0000e2c2    00000026     rts430.lib : boot.obj (.text:_c_int00_noexit)
                  0000e2e8    00000026                : mult32.obj (.text)
                  0000e30e    0000001c     PaLFI Demo.obj (.text:Delay_500ms)
                  0000e32a    0000001c     SPI_Stack.obj (.text:SPI_Buf_Set_Output_Byte)
                  0000e346    00000018     PaLFI Demo.obj (.text:PORT1_ISR)
                  0000e35e    00000018     SPI_Stack.obj (.text:SPI_Buf_Send)
                  0000e376    00000014     rts430.lib : memset.obj (.text:memset)
                  0000e38a    00000012     SPI_Stack.obj (.text:SPI_Buf_Set_Telegram_Length)
                  0000e39c    00000012     rts430.lib : memcpy.obj (.text:memcpy)
                  0000e3ae    00000010                : epilog.obj (.text)
                  0000e3be    00000008     PaLFI Demo.obj (.text:ADC10_ISR)
                  0000e3c6    00000008     SPI_LowLevel.obj (.text:ErrorMode)
                  0000e3ce    00000008     PaLFI Demo.obj (.text:Timer_A)
                  0000e3d6    00000006     SPI_Stack.obj (.text:SPI_Buf_Reset)
                  0000e3dc    00000006     rts430.lib : isr_trap.obj (.text:__TI_ISR_TRAP)
                  0000e3e2    00000004                : pre_init.obj (.text:_system_pre_init)
                  0000e3e6    00000004                : exit.obj (.text:abort)
                  0000e3ea    00000002                : _lock.obj (.text:_nop)

.cinit     0    0000e3ec    00000008     
                  0000e3ec    00000005     PaLFI Demo.obj (.cinit)
                  0000e3f1    00000001     --HOLE-- [fill = 0]
                  0000e3f2    00000002     (.pad.cinit) [fill = 0]

PORT1      0    0000ffe4    00000002     
                  0000ffe4    00000002     PaLFI Demo.obj (.int02)

PORT2      0    0000ffe6    00000002     
                  0000ffe6    00000002     rts430.lib : int03.obj (.int03)

USI        0    0000ffe8    00000002     
                  0000ffe8    00000002     rts430.lib : int04.obj (.int04)

ADC10      0    0000ffea    00000002     
                  0000ffea    00000002     PaLFI Demo.obj (.int05)

TIMER0_A1 
*          0    0000fff0    00000002     
                  0000fff0    00000002     rts430.lib : int08.obj (.int08)

TIMER0_A0 
*          0    0000fff2    00000002     
                  0000fff2    00000002     PaLFI Demo.obj (.int09)

WDT        0    0000fff4    00000002     
                  0000fff4    00000002     rts430.lib : int10.obj (.int10)

COMPARATORA 
*          0    0000fff6    00000002     
                  0000fff6    00000002     rts430.lib : int11.obj (.int11)

NMI        0    0000fffc    00000002     
                  0000fffc    00000002     rts430.lib : int14.obj (.int14)

.reset     0    0000fffe    00000002     
                  0000fffe    00000002     rts430.lib : boot.obj (.reset)


GLOBAL SYMBOLS: SORTED ALPHABETICALLY BY Name 

address    name
--------   ----
00000200   .bss
00000200   .data
0000e000   .text
0000004a   ADC10AE0
000001b0   ADC10CTL0
000001b2   ADC10CTL1
00000048   ADC10DTC0
00000049   ADC10DTC1
000001b4   ADC10MEM
000001bc   ADC10SA
0000e3be   ADC10_ISR
00000057   BCSCTL1
00000058   BCSCTL2
00000053   BCSCTL3
0000e3e6   C$$EXIT
00000059   CACTL1
0000005a   CACTL2
000010fb   CALBC1_12MHZ
000010f9   CALBC1_16MHZ
000010ff   CALBC1_1MHZ
000010fd   CALBC1_8MHZ
000010fa   CALDCO_12MHZ
000010f8   CALDCO_16MHZ
000010fe   CALDCO_1MHZ
000010fc   CALDCO_8MHZ
0000005b   CAPD
00000056   DCOCTL
0000e30e   Delay_500ms
0000e3c6   ErrorMode
00000128   FCTL1
0000012a   FCTL2
0000012c   FCTL3
00000000   IE1
00000002   IFG1
0000e296   MSP430_SPI_Init
0000e250   MSP430_SPI_Rx
0000e120   MSP430_SPI_Tx
00000022   P1DIR
00000025   P1IE
00000024   P1IES
00000023   P1IFG
00000020   P1IN
00000021   P1OUT
00000027   P1REN
00000026   P1SEL
00000041   P1SEL2
0000002a   P2DIR
0000002d   P2IE
0000002c   P2IES
0000002b   P2IFG
00000028   P2IN
00000029   P2OUT
0000002f   P2REN
0000002e   P2SEL
00000042   P2SEL2
0000e346   PORT1_ISR
0000e3d6   SPI_Buf_Reset
0000e35e   SPI_Buf_Send
0000e32a   SPI_Buf_Set_Output_Byte
0000e38a   SPI_Buf_Set_Telegram_Length
0000e170   SPI_Read_CU_Data
0000020e   SPI_Stack
0000e1bc   SPI_Write_CU_Data
00000172   TA0CCR0
00000174   TA0CCR1
00000176   TA0CCR2
00000162   TA0CCTL0
00000164   TA0CCTL1
00000166   TA0CCTL2
00000160   TA0CTL
0000012e   TA0IV
00000170   TA0R
00000200   TRP_Data
0000e3ce   Timer_A
0000007a   USICCTL
0000007a   USICKCTL
0000007b   USICNT
00000078   USICTL
00000078   USICTL0
00000079   USICTL1
0000007c   USISR
0000007d   USISRH
0000007c   USISRL
00000120   WDTCTL
00000300   __STACK_END
00000050   __STACK_SIZE
0000e3dc   __TI_ISR_TRAP
00000001   __TI_args_main
00000001   __TI_auto_init
00000248   __TI_cleanup_ptr
0000024a   __TI_dtors_ptr
00000001   __TI_exit
0000ffe4   __TI_int02
0000ffe6   __TI_int03
0000ffe8   __TI_int04
0000ffea   __TI_int05
0000fff0   __TI_int08
0000fff2   __TI_int09
0000fff4   __TI_int10
0000fff6   __TI_int11
0000fffc   __TI_int14
ffffffff   __binit__
00000200   __bss__
ffffffff   __c_args__
0000e3ec   __cinit__
00000200   __data__
00000200   __edata__
0000024c   __end__
0000e3ec   __etext__
0000e2e8   __mpyl
ffffffff   __pinit__
0000e000   __text__
0000e208   _auto_init
0000e2c2   _c_int00
0000e2c2   _c_int00_noexit
00000244   _lock
0000e3ea   _nop
0000fffe   _reset_vector
000002b0   _stack
0000e3e2   _system_pre_init
00000246   _unlock
0000e3e6   abort
ffffffff   binit
00000230   buf
0000e3ec   cinit
00000200   edata
0000024c   end
0000e3ec   etext
0000023c   first_run
0000e3ba   func_epilog_1
0000e3b8   func_epilog_2
0000e3b6   func_epilog_3
0000e3b4   func_epilog_4
0000e3b2   func_epilog_5
0000e3b0   func_epilog_6
0000e3ae   func_epilog_7
00000236   i
0000023a   j
0000e000   main
0000e39c   memcpy
0000e376   memset
ffffffff   pinit
00000242   result
00000241   status
00000238   t
0000023e   test
0000022f   ucTX_ONLY
00000240   ucWDT_Count


GLOBAL SYMBOLS: SORTED BY Symbol Address 

address    name
--------   ----
00000000   IE1
00000001   __TI_args_main
00000001   __TI_auto_init
00000001   __TI_exit
00000002   IFG1
00000020   P1IN
00000021   P1OUT
00000022   P1DIR
00000023   P1IFG
00000024   P1IES
00000025   P1IE
00000026   P1SEL
00000027   P1REN
00000028   P2IN
00000029   P2OUT
0000002a   P2DIR
0000002b   P2IFG
0000002c   P2IES
0000002d   P2IE
0000002e   P2SEL
0000002f   P2REN
00000041   P1SEL2
00000042   P2SEL2
00000048   ADC10DTC0
00000049   ADC10DTC1
0000004a   ADC10AE0
00000050   __STACK_SIZE
00000053   BCSCTL3
00000056   DCOCTL
00000057   BCSCTL1
00000058   BCSCTL2
00000059   CACTL1
0000005a   CACTL2
0000005b   CAPD
00000078   USICTL
00000078   USICTL0
00000079   USICTL1
0000007a   USICCTL
0000007a   USICKCTL
0000007b   USICNT
0000007c   USISR
0000007c   USISRL
0000007d   USISRH
00000120   WDTCTL
00000128   FCTL1
0000012a   FCTL2
0000012c   FCTL3
0000012e   TA0IV
00000160   TA0CTL
00000162   TA0CCTL0
00000164   TA0CCTL1
00000166   TA0CCTL2
00000170   TA0R
00000172   TA0CCR0
00000174   TA0CCR1
00000176   TA0CCR2
000001b0   ADC10CTL0
000001b2   ADC10CTL1
000001b4   ADC10MEM
000001bc   ADC10SA
00000200   .bss
00000200   .data
00000200   TRP_Data
00000200   __bss__
00000200   __data__
00000200   __edata__
00000200   edata
0000020e   SPI_Stack
0000022f   ucTX_ONLY
00000230   buf
00000236   i
00000238   t
0000023a   j
0000023c   first_run
0000023e   test
00000240   ucWDT_Count
00000241   status
00000242   result
00000244   _lock
00000246   _unlock
00000248   __TI_cleanup_ptr
0000024a   __TI_dtors_ptr
0000024c   __end__
0000024c   end
000002b0   _stack
00000300   __STACK_END
000010f8   CALDCO_16MHZ
000010f9   CALBC1_16MHZ
000010fa   CALDCO_12MHZ
000010fb   CALBC1_12MHZ
000010fc   CALDCO_8MHZ
000010fd   CALBC1_8MHZ
000010fe   CALDCO_1MHZ
000010ff   CALBC1_1MHZ
0000e000   .text
0000e000   __text__
0000e000   main
0000e120   MSP430_SPI_Tx
0000e170   SPI_Read_CU_Data
0000e1bc   SPI_Write_CU_Data
0000e208   _auto_init
0000e250   MSP430_SPI_Rx
0000e296   MSP430_SPI_Init
0000e2c2   _c_int00
0000e2c2   _c_int00_noexit
0000e2e8   __mpyl
0000e30e   Delay_500ms
0000e32a   SPI_Buf_Set_Output_Byte
0000e346   PORT1_ISR
0000e35e   SPI_Buf_Send
0000e376   memset
0000e38a   SPI_Buf_Set_Telegram_Length
0000e39c   memcpy
0000e3ae   func_epilog_7
0000e3b0   func_epilog_6
0000e3b2   func_epilog_5
0000e3b4   func_epilog_4
0000e3b6   func_epilog_3
0000e3b8   func_epilog_2
0000e3ba   func_epilog_1
0000e3be   ADC10_ISR
0000e3c6   ErrorMode
0000e3ce   Timer_A
0000e3d6   SPI_Buf_Reset
0000e3dc   __TI_ISR_TRAP
0000e3e2   _system_pre_init
0000e3e6   C$$EXIT
0000e3e6   abort
0000e3ea   _nop
0000e3ec   __cinit__
0000e3ec   __etext__
0000e3ec   cinit
0000e3ec   etext
0000ffe4   __TI_int02
0000ffe6   __TI_int03
0000ffe8   __TI_int04
0000ffea   __TI_int05
0000fff0   __TI_int08
0000fff2   __TI_int09
0000fff4   __TI_int10
0000fff6   __TI_int11
0000fffc   __TI_int14
0000fffe   _reset_vector
ffffffff   __binit__
ffffffff   __c_args__
ffffffff   __pinit__
ffffffff   binit
ffffffff   pinit

[148 symbols]
